2026-03-13 13:57:48 - Starting KafkaConsumerApplication v1.0 using Java 25.0.2 with PID 1 (/app/app.jar started by root in /app)
2026-03-13 13:57:48 - The following 1 profile is active: "docker"
2026-03-13 13:57:58 - Creating TPCM WebClient with baseUrl: http://tpcm-spring:8080
2026-03-13 13:57:59 - Creating Clients WebClient with baseUrl: http://tpcm-clients:8081
2026-03-13 13:58:17 - Starting KafkaConsumerApplication v1.0 using Java 25.0.2 with PID 1 (/app/app.jar started by root in /app)
2026-03-13 13:58:17 - The following 1 profile is active: "docker"
2026-03-13 13:58:23 - Creating TPCM WebClient with baseUrl: http://tpcm-spring:8080
2026-03-13 13:58:23 - Creating Clients WebClient with baseUrl: http://tpcm-clients:8081
2026-03-13 13:58:36 - Starting KafkaConsumerApplication v1.0 using Java 25.0.2 with PID 1 (/app/app.jar started by root in /app)
2026-03-13 13:58:36 - The following 1 profile is active: "docker"
2026-03-13 13:58:43 - Creating TPCM WebClient with baseUrl: http://tpcm-spring:8080
2026-03-13 13:58:44 - Creating Clients WebClient with baseUrl: http://tpcm-clients:8081
2026-03-13 13:58:57 - Starting KafkaConsumerApplication v1.0 using Java 25.0.2 with PID 1 (/app/app.jar started by root in /app)
2026-03-13 13:58:57 - The following 1 profile is active: "docker"
2026-03-13 13:59:06 - Creating TPCM WebClient with baseUrl: http://tpcm-spring:8080
2026-03-13 13:59:08 - Creating Clients WebClient with baseUrl: http://tpcm-clients:8081
2026-03-13 13:59:23 - Starting KafkaConsumerApplication v1.0 using Java 25.0.2 with PID 1 (/app/app.jar started by root in /app)
2026-03-13 13:59:23 - The following 1 profile is active: "docker"
2026-03-13 13:59:36 - Creating TPCM WebClient with baseUrl: http://tpcm-spring:8080
2026-03-13 13:59:38 - Creating Clients WebClient with baseUrl: http://tpcm-clients:8081
2026-03-13 13:59:56 - Starting KafkaConsumerApplication v1.0 using Java 25.0.2 with PID 1 (/app/app.jar started by root in /app)
2026-03-13 13:59:56 - The following 1 profile is active: "docker"
2026-03-13 14:00:04 - Creating TPCM WebClient with baseUrl: http://tpcm-spring:8080
2026-03-13 14:00:05 - Creating Clients WebClient with baseUrl: http://tpcm-clients:8081
2026-03-13 14:00:09 - Started KafkaConsumerApplication in 14.466 seconds (process running for 16.693)
