2026-05-02 17:11:21 - Starting KafkaConsumerApplication v1.0 using Java 25.0.2 with PID 1 (/app/app.jar started by root in /app)
2026-05-02 17:11:21 - The following 1 profile is active: "docker"
2026-05-02 17:11:34 - Creating TPCM WebClient with baseUrl: http://tpcm-spring:8080
2026-05-02 17:11:36 - Creating Clients WebClient with baseUrl: http://tpcm-clients:8081
2026-05-02 17:11:53 - Starting KafkaConsumerApplication v1.0 using Java 25.0.2 with PID 1 (/app/app.jar started by root in /app)
2026-05-02 17:11:53 - The following 1 profile is active: "docker"
2026-05-02 17:12:00 - Creating TPCM WebClient with baseUrl: http://tpcm-spring:8080
2026-05-02 17:12:01 - Creating Clients WebClient with baseUrl: http://tpcm-clients:8081
2026-05-02 17:12:15 - Starting KafkaConsumerApplication v1.0 using Java 25.0.2 with PID 1 (/app/app.jar started by root in /app)
2026-05-02 17:12:15 - The following 1 profile is active: "docker"
2026-05-02 17:12:24 - Creating TPCM WebClient with baseUrl: http://tpcm-spring:8080
2026-05-02 17:12:25 - Creating Clients WebClient with baseUrl: http://tpcm-clients:8081
2026-05-02 17:12:38 - Starting KafkaConsumerApplication v1.0 using Java 25.0.2 with PID 1 (/app/app.jar started by root in /app)
2026-05-02 17:12:38 - The following 1 profile is active: "docker"
2026-05-02 17:12:47 - Creating TPCM WebClient with baseUrl: http://tpcm-spring:8080
2026-05-02 17:12:48 - Creating Clients WebClient with baseUrl: http://tpcm-clients:8081
2026-05-02 17:13:37 - Starting KafkaConsumerApplication v1.0 using Java 25.0.2 with PID 1 (/app/app.jar started by root in /app)
2026-05-02 17:13:37 - The following 1 profile is active: "docker"
2026-05-02 17:13:49 - Creating TPCM WebClient with baseUrl: http://tpcm-spring:8080
2026-05-02 17:13:50 - Creating Clients WebClient with baseUrl: http://tpcm-clients:8081
2026-05-02 17:13:56 - Started KafkaConsumerApplication in 22.632 seconds (process running for 25.64)
