2026-03-11 16:25:33.759|getTransactionsForMsisdn|+40744340284|200|0|+40744340284
2026-03-11 16:25:59.748|getSubscriberAvailableBalance|+40744340284|200|0|+40744340284|1|245.32|300|54.680000000000014
2026-03-11 16:27:12.245|updateCustomerAddress|1|200|0|1|Melinesti 16|Melinesti 16A
2026-03-11 16:27:54.749|updateCustomerAddress|1|200|0|1|Melinesti 16A|Melinesti 16
2026-03-13 14:04:03.84|getSubscriberAvailableBalance|+40744340284|200|0|+40744340284|1|245.32|300|54.680000000000014
2026-03-13 14:04:05.567|reserve|173|201|0|+40744340284|21|0.99|173|244.32999999999998
2026-03-13 14:04:05.743|commit|173|200|0|173|0.99
2026-03-13 14:04:08.862|getSubscriberAvailableBalance|+40744340284|200|0|+40744340284|1|244.32999999999998|300|55.670000000000016
2026-04-24 11:41:41.987|getSubscriberAvailableBalance|+40744340284|200|0|+40744340284|1|244.32999999999998|300|55.670000000000016
2026-04-24 11:41:44.136|reserve|193|201|0|+40744340284|21|2.99|193|241.33999999999997
2026-04-24 11:41:44.248|commit|193|200|0|193|2.99
2026-04-24 11:41:47.369|getSubscriberAvailableBalance|+40744340284|200|0|+40744340284|1|241.33999999999997|300|58.66000000000002
2026-04-24 11:42:14.46|reserve|194|201|0|+40744340284||2.0|194|239.33999999999997
2026-04-24 11:43:00.57|commit|194|200|0|194|2.0
2026-04-24 11:48:25.797|getSubscriberAvailableBalance|+40744340284|200|0|+40744340284|1|239.33999999999997|300|60.66000000000002
2026-05-08 14:23:00.163|getSubscriberAvailableBalance|+40744340284|200|0|+40744340284|1|239.33999999999997|300|60.66000000000002
2026-05-08 14:27:34.581|reserve|214|201|0|+40744340284|21|3.5|214|235.83999999999997
2026-05-08 14:27:34.73|commit|214|200|0|214|3.5
2026-05-08 14:37:47.125|reserve|233|201|0|+40744340284|21|1.0|233|234.83999999999997
2026-05-08 14:37:47.283|commit|233|200|0|233|1.0
2026-05-08 14:41:32.13|reserve|234|422|5|+40744340284|21|51.0|234|234.83999999999997
2026-05-08 15:29:19.782|getSubscriberAvailableBalance|+40744340284|200|0|+40744340284|1|234.83999999999997|300|65.16000000000003
2026-05-08 15:29:21.642|reserve|235|201|0|+40744340284|21|1.99|235|232.84999999999997
2026-05-08 15:29:21.761|commit|235|200|0|235|1.99
2026-05-08 15:29:25.246|getSubscriberAvailableBalance|+40744340284|200|0|+40744340284|1|232.84999999999997|300|67.15000000000002
2026-05-08 15:32:21.37|reserve|236|201|0|+40744340284|21|0.5|236|232.34999999999997
2026-05-08 15:32:21.47|commit|236|200|0|236|0.5
2026-05-08 15:37:33.568|reserve|237|422|5|+40744340284|21|51.0|237|232.34999999999997
2026-05-31 20:31:30.202|getSubscriberAvailableBalance|+40740196538|200|0|+40740196538|21|297.01|300|2.99
2026-05-31 20:33:48.724|reserve|238|201|0|+40740196538|21|0.99|238|296.02
2026-05-31 20:33:48.83|commit|238|200|0|238|0.99
2026-05-31 20:33:51.942|getSubscriberAvailableBalance|+40740196538|200|0|+40740196538|21|296.02|300|3.9800000000000004
2026-05-31 20:33:55.322|reserve|239|201|0|+40740196538|21|0.99|239|295.03
2026-05-31 20:33:55.418|commit|239|200|0|239|0.99
2026-05-31 20:33:58.541|getSubscriberAvailableBalance|+40740196538|200|0|+40740196538|21|295.03|300|4.970000000000001
2026-05-31 20:34:13.071|reserve|240|201|0|+40740196538|21|0.99|240|294.04
2026-05-31 20:34:13.158|commit|240|200|0|240|0.99
2026-05-31 20:34:16.273|getSubscriberAvailableBalance|+40740196538|200|0|+40740196538|21|294.04|300|5.960000000000001
2026-05-31 20:46:41.578|getSubscriberAvailableBalance|+40740196538|200|0|+40740196538|21|294.04|300|5.960000000000001
2026-05-31 20:46:45.735|reserve|241|422|5|+40740196538|21|125.0|241|294.04
2026-05-31 20:52:00.07|getSubscriberAvailableBalance|+40744340284|200|0|+40744340284|1|232.34999999999997|300|67.65000000000002
2026-06-02 17:17:03.334|getSubscriberAvailableBalance|+40744340284|200|0|+40744340284|1|232.34999999999997|300|67.65000000000002
2026-06-02 17:17:05.544|reserve|242|201|0|+40744340284|21|1.99|242|230.35999999999999
2026-06-02 17:17:05.664|commit|242|200|0|242|1.99
2026-06-02 17:17:08.797|getSubscriberAvailableBalance|+40744340284|200|0|+40744340284|1|230.35999999999999|300|69.64000000000001
2026-06-02 17:17:15.618|reserve|243|201|0|+40744340284|21|0.5|243|229.85999999999999
2026-06-02 17:17:15.711|commit|243|200|0|243|0.5
2026-06-02 17:17:31.984|getSubscriberAvailableBalance|+40744340284|200|0|+40744340284|1|229.85999999999999|300|70.14000000000001
2026-06-02 17:17:33.676|reserve|244|422|5|+40744340284|21|89.99|244|229.85999999999999
2026-06-02 17:49:40.965|reserve|245|201|0|+40744340284||2.0|245|227.85999999999999
2026-06-02 17:49:57.071|commit|245|200|0|245|2.0
2026-06-02 17:54:08.936|getSubscriberAvailableBalance|+40744340284|200|0|+40744340284|1|227.85999999999999|300|72.14000000000001
2026-06-03 12:22:36.754|getSubscriberAvailableBalance|+40744340284|200|0|+40744340284|1|227.85999999999999|300|72.14000000000001
2026-06-03 12:23:11.949|getSubscriberAvailableBalance|+40744340284|200|0|+40744340284|1|227.85999999999999|300|72.14000000000001
2026-06-03 12:25:19.868|getSubscriberAvailableBalance|+40744340284|200|0|+40744340284|1|227.85999999999999|300|72.14000000000001
2026-06-03 12:49:50.227|getSubscriberAvailableBalance|+40744340284|200|0|+40744340284|1|227.85999999999999|300|72.14000000000001
2026-06-03 12:49:51.817|reserve|262|201|0|+40744340284|21|0.99|262|226.87
2026-06-03 12:49:51.916|commit|262|200|0|262|0.99
2026-06-03 12:49:55.04|getSubscriberAvailableBalance|+40744340284|200|0|+40744340284|1|226.87|300|73.13000000000001
2026-06-03 12:49:57.34|getSubscriberAvailableBalance|+40744340284|200|0|+40744340284|1|226.87|300|73.13000000000001
2026-06-03 12:49:58.868|reserve|263|201|0|+40744340284|21|2.99|263|223.88
2026-06-03 12:49:58.951|commit|263|200|0|263|2.99
2026-06-03 12:50:02.039|getSubscriberAvailableBalance|+40744340284|200|0|+40744340284|1|223.88|300|76.12
2026-06-03 12:50:06.19|getSubscriberAvailableBalance|+40744340284|200|0|+40744340284|1|223.88|300|76.12
2026-06-03 12:50:07.932|reserve|264|201|0|+40744340284|21|0.99|264|222.89
2026-06-03 12:50:08.021|commit|264|200|0|264|0.99
2026-06-03 12:50:11.176|getSubscriberAvailableBalance|+40744340284|200|0|+40744340284|1|222.89|300|77.11
2026-06-03 12:50:12.684|getSubscriberAvailableBalance|+40744340284|200|0|+40744340284|1|222.89|300|77.11
2026-06-03 12:50:14.386|reserve|265|422|5|+40744340284|21|65.0|265|222.89
2026-06-03 12:50:17.728|getSubscriberAvailableBalance|+40744340284|200|0|+40744340284|1|222.89|300|77.11
2026-06-03 12:50:19.294|reserve|266|422|5|+40744340284|21|125.0|266|222.89
2026-06-03 12:50:42.276|reserve|267|201|0|+40744340284||2.0|267|220.89
2026-06-03 12:50:58.375|commit|267|200|0|267|2.0
2026-06-03 12:51:13.381|reserve|268|201|0|+40744340284|21|0.5|268|220.39
2026-06-03 12:51:13.465|commit|268|200|0|268|0.5
2026-06-03 12:51:17.1|reserve|269|201|0|+40744340284|21|0.75|269|219.64
2026-06-03 12:51:17.181|commit|269|200|0|269|0.75
2026-06-07 12:03:53.289|reserve|282|201|0|+40740196538|1|0.01|282|294.03
2026-06-07 12:03:53.498|commit|282|200|0|282|0.01
2026-06-07 12:03:53.698|reserve|283|201|0|+40740196538|1|0.01|283|294.02
2026-06-07 12:03:53.865|commit|283|200|0|283|0.01
2026-06-07 12:03:54.066|reserve|284|201|0|+40740196538|1|0.01|284|294.01
2026-06-07 12:03:54.218|commit|284|200|0|284|0.01
2026-06-07 12:03:54.387|reserve|285|201|0|+40740196538|1|0.01|285|294.0
2026-06-07 12:03:54.545|commit|285|200|0|285|0.01
2026-06-07 12:03:54.72|reserve|286|201|0|+40740196538|1|0.01|286|293.99
2026-06-07 12:03:54.872|commit|286|200|0|286|0.01
2026-06-07 12:03:55.075|reserve|287|201|0|+40740196538|1|0.01|287|293.98
2026-06-07 12:03:55.232|commit|287|200|0|287|0.01
2026-06-07 12:03:55.417|reserve|288|201|0|+40740196538|1|0.01|288|293.97
2026-06-07 12:03:55.604|commit|288|200|0|288|0.01
2026-06-07 12:03:55.784|reserve|289|201|0|+40740196538|1|0.01|289|293.96
2026-06-07 12:03:55.962|commit|289|200|0|289|0.01
2026-06-07 12:03:56.142|reserve|290|201|0|+40740196538|1|0.01|290|293.95
2026-06-07 12:03:56.297|commit|290|200|0|290|0.01
2026-06-07 12:03:56.497|reserve|291|201|0|+40740196538|1|0.01|291|293.94
2026-06-07 12:03:56.671|commit|291|200|0|291|0.01
2026-06-07 12:03:56.915|reserve|292|201|0|+40740196538|1|0.01|292|293.93
2026-06-07 12:03:57.085|commit|292|200|0|292|0.01
2026-06-07 12:03:57.239|reserve|293|201|0|+40740196538|1|0.01|293|293.92
2026-06-07 12:03:57.399|commit|293|200|0|293|0.01
2026-06-07 12:03:57.599|reserve|294|201|0|+40740196538|1|0.01|294|293.91
2026-06-07 12:03:57.773|commit|294|200|0|294|0.01
2026-06-07 12:03:57.951|reserve|295|201|0|+40740196538|1|0.01|295|293.9
2026-06-07 12:03:58.113|commit|295|200|0|295|0.01
2026-06-07 12:03:58.296|reserve|296|201|0|+40740196538|1|0.01|296|293.89
2026-06-07 12:03:58.438|commit|296|200|0|296|0.01
2026-06-07 12:03:58.638|reserve|297|201|0|+40740196538|1|0.01|297|293.88
2026-06-07 12:03:58.81|commit|297|200|0|297|0.01
2026-06-07 12:03:58.996|reserve|298|201|0|+40740196538|1|0.01|298|293.87
2026-06-07 12:03:59.17|commit|298|200|0|298|0.01
2026-06-07 12:03:59.332|reserve|299|201|0|+40740196538|1|0.01|299|293.86
2026-06-07 12:03:59.494|commit|299|200|0|299|0.01
2026-06-07 12:03:59.691|reserve|300|201|0|+40740196538|1|0.01|300|293.85
2026-06-07 12:03:59.856|commit|300|200|0|300|0.01
2026-06-07 12:04:00.051|reserve|301|201|0|+40740196538|1|0.01|301|293.84000000000003
2026-06-07 12:04:00.225|commit|301|200|0|301|0.01
2026-06-07 12:04:00.375|reserve|302|201|0|+40740196538|1|0.01|302|293.83
2026-06-07 12:04:00.538|commit|302|200|0|302|0.01
2026-06-07 12:04:00.703|reserve|303|201|0|+40740196538|1|0.01|303|293.82
2026-06-07 12:04:00.868|commit|303|200|0|303|0.01
2026-06-07 12:04:01.027|reserve|304|201|0|+40740196538|1|0.01|304|293.81
2026-06-07 12:04:01.205|commit|304|200|0|304|0.01
2026-06-07 12:04:01.368|reserve|305|201|0|+40740196538|1|0.01|305|293.8
2026-06-07 12:04:01.52|commit|305|200|0|305|0.01
2026-06-07 12:04:01.68|reserve|306|201|0|+40740196538|1|0.01|306|293.79
2026-06-07 12:04:01.826|commit|306|200|0|306|0.01
2026-06-07 12:04:02.019|reserve|307|201|0|+40740196538|1|0.01|307|293.78000000000003
2026-06-07 12:04:02.186|commit|307|200|0|307|0.01
2026-06-07 12:04:02.363|reserve|308|201|0|+40740196538|1|0.01|308|293.77
2026-06-07 12:04:02.527|commit|308|200|0|308|0.01
2026-06-07 12:04:02.706|reserve|309|201|0|+40740196538|1|0.01|309|293.76
2026-06-07 12:04:02.873|commit|309|200|0|309|0.01
2026-06-07 12:04:03.054|reserve|310|201|0|+40740196538|1|0.01|310|293.75
2026-06-07 12:04:03.227|commit|310|200|0|310|0.01
2026-06-07 12:04:03.41|reserve|311|201|0|+40740196538|1|0.01|311|293.74
2026-06-07 12:04:03.576|commit|311|200|0|311|0.01
2026-06-07 12:04:03.731|reserve|312|201|0|+40740196538|1|0.01|312|293.73
2026-06-07 12:04:03.885|commit|312|200|0|312|0.01
2026-06-07 12:04:04.063|reserve|313|201|0|+40740196538|1|0.01|313|293.72
2026-06-07 12:04:04.239|commit|313|200|0|313|0.01
2026-06-07 12:04:04.396|reserve|314|201|0|+40740196538|1|0.01|314|293.71
2026-06-07 12:04:04.541|commit|314|200|0|314|0.01
2026-06-07 12:04:04.72|reserve|315|201|0|+40740196538|1|0.01|315|293.7
2026-06-07 12:04:04.886|commit|315|200|0|315|0.01
2026-06-07 12:04:05.052|reserve|316|201|0|+40740196538|1|0.01|316|293.69
2026-06-07 12:04:05.225|commit|316|200|0|316|0.01
2026-06-07 12:04:05.399|reserve|317|201|0|+40740196538|1|0.01|317|293.68
2026-06-07 12:04:05.574|commit|317|200|0|317|0.01
2026-06-07 12:04:05.755|reserve|318|201|0|+40740196538|1|0.01|318|293.67
2026-06-07 12:04:05.915|commit|318|200|0|318|0.01
2026-06-07 12:04:06.106|reserve|319|201|0|+40740196538|1|0.01|319|293.66
2026-06-07 12:04:06.274|commit|319|200|0|319|0.01
2026-06-07 12:04:06.468|reserve|320|201|0|+40740196538|1|0.01|320|293.65000000000003
2026-06-07 12:04:06.63|commit|320|200|0|320|0.01
2026-06-07 12:04:06.795|reserve|321|201|0|+40740196538|1|0.01|321|293.64
2026-06-07 12:04:06.962|commit|321|200|0|321|0.01
2026-06-07 12:04:07.12|reserve|322|201|0|+40740196538|1|0.01|322|293.63
2026-06-07 12:04:07.288|commit|322|200|0|322|0.01
2026-06-07 12:04:07.456|reserve|323|201|0|+40740196538|1|0.01|323|293.62
2026-06-07 12:04:07.646|commit|323|200|0|323|0.01
2026-06-07 12:04:07.83|reserve|324|201|0|+40740196538|1|0.01|324|293.61
2026-06-07 12:04:07.982|commit|324|200|0|324|0.01
2026-06-07 12:04:08.164|reserve|325|201|0|+40740196538|1|0.01|325|293.6
2026-06-07 12:04:08.315|commit|325|200|0|325|0.01
2026-06-07 12:04:08.496|reserve|326|201|0|+40740196538|1|0.01|326|293.59000000000003
2026-06-07 12:04:08.665|commit|326|200|0|326|0.01
2026-06-07 12:04:08.854|reserve|327|201|0|+40740196538|1|0.01|327|293.58
2026-06-07 12:04:08.999|commit|327|200|0|327|0.01
2026-06-07 12:04:09.186|reserve|328|201|0|+40740196538|1|0.01|328|293.57
2026-06-07 12:04:09.375|commit|328|200|0|328|0.01
2026-06-07 12:04:09.552|reserve|329|201|0|+40740196538|1|0.01|329|293.56
2026-06-07 12:04:09.726|commit|329|200|0|329|0.01
2026-06-07 12:04:09.896|reserve|330|201|0|+40740196538|1|0.01|330|293.55
2026-06-07 12:04:10.065|commit|330|200|0|330|0.01
2026-06-07 12:04:10.208|reserve|331|201|0|+40740196538|1|0.01|331|293.54
2026-06-07 12:04:10.374|commit|331|200|0|331|0.01
2026-06-07 12:04:10.538|reserve|332|201|0|+40740196538|1|0.01|332|293.53000000000003
2026-06-07 12:04:10.709|commit|332|200|0|332|0.01
2026-06-07 12:04:10.858|reserve|333|201|0|+40740196538|1|0.01|333|293.52
2026-06-07 12:04:11.037|commit|333|200|0|333|0.01
2026-06-07 12:04:11.214|reserve|334|201|0|+40740196538|1|0.01|334|293.51
2026-06-07 12:04:11.374|commit|334|200|0|334|0.01
2026-06-07 12:04:11.559|reserve|335|201|0|+40740196538|1|0.01|335|293.5
2026-06-07 12:04:11.738|commit|335|200|0|335|0.01
2026-06-07 12:04:11.917|reserve|336|201|0|+40740196538|1|0.01|336|293.49
2026-06-07 12:04:12.076|commit|336|200|0|336|0.01
2026-06-07 12:04:12.237|reserve|337|201|0|+40740196538|1|0.01|337|293.48
2026-06-07 12:04:12.38|commit|337|200|0|337|0.01
2026-06-07 12:04:12.565|reserve|338|201|0|+40740196538|1|0.01|338|293.47
2026-06-07 12:04:12.728|commit|338|200|0|338|0.01
2026-06-07 12:04:12.893|reserve|339|201|0|+40740196538|1|0.01|339|293.46000000000004
2026-06-07 12:04:13.058|commit|339|200|0|339|0.01
2026-06-07 12:04:13.233|reserve|340|201|0|+40740196538|1|0.01|340|293.45
2026-06-07 12:04:13.396|commit|340|200|0|340|0.01
2026-06-07 12:04:13.544|reserve|341|201|0|+40740196538|1|0.01|341|293.44
2026-06-07 12:04:13.711|commit|341|200|0|341|0.01
2026-06-07 12:04:13.877|reserve|342|201|0|+40740196538|1|0.01|342|293.43
2026-06-07 12:04:14.044|commit|342|200|0|342|0.01
2026-06-07 12:04:14.231|reserve|343|201|0|+40740196538|1|0.01|343|293.42
2026-06-07 12:04:14.386|commit|343|200|0|343|0.01
2026-06-07 12:04:14.552|reserve|344|201|0|+40740196538|1|0.01|344|293.41
2026-06-07 12:04:14.729|commit|344|200|0|344|0.01
2026-06-07 12:04:14.886|reserve|345|201|0|+40740196538|1|0.01|345|293.40000000000003
2026-06-07 12:04:15.056|commit|345|200|0|345|0.01
2026-06-07 12:04:15.216|reserve|346|201|0|+40740196538|1|0.01|346|293.39
2026-06-07 12:04:15.377|commit|346|200|0|346|0.01
2026-06-07 12:04:15.562|reserve|347|201|0|+40740196538|1|0.01|347|293.38
2026-06-07 12:04:15.724|commit|347|200|0|347|0.01
2026-06-07 12:04:15.9|reserve|348|201|0|+40740196538|1|0.01|348|293.37
2026-06-07 12:04:16.066|commit|348|200|0|348|0.01
2026-06-07 12:04:16.239|reserve|349|201|0|+40740196538|1|0.01|349|293.36
2026-06-07 12:04:16.392|commit|349|200|0|349|0.01
2026-06-07 12:04:16.578|reserve|350|201|0|+40740196538|1|0.01|350|293.35
2026-06-07 12:04:16.738|commit|350|200|0|350|0.01
2026-06-07 12:04:16.908|reserve|351|201|0|+40740196538|1|0.01|351|293.34000000000003
2026-06-07 12:04:17.084|commit|351|200|0|351|0.01
2026-06-07 12:04:17.256|reserve|352|201|0|+40740196538|1|0.01|352|293.33000000000004
2026-06-07 12:04:17.41|commit|352|200|0|352|0.01
2026-06-07 12:04:17.578|reserve|353|201|0|+40740196538|1|0.01|353|293.32
2026-06-07 12:04:17.746|commit|353|200|0|353|0.01
2026-06-07 12:04:17.932|reserve|354|201|0|+40740196538|1|0.01|354|293.31
2026-06-07 12:04:18.094|commit|354|200|0|354|0.01
2026-06-07 12:04:18.274|reserve|355|201|0|+40740196538|1|0.01|355|293.3
2026-06-07 12:04:18.436|commit|355|200|0|355|0.01
2026-06-07 12:04:18.626|reserve|356|201|0|+40740196538|1|0.01|356|293.29
2026-06-07 12:04:18.78|commit|356|200|0|356|0.01
2026-06-07 12:04:18.959|reserve|357|201|0|+40740196538|1|0.01|357|293.28000000000003
2026-06-07 12:04:19.11|commit|357|200|0|357|0.01
2026-06-07 12:04:19.272|reserve|358|201|0|+40740196538|1|0.01|358|293.27000000000004
2026-06-07 12:04:19.43|commit|358|200|0|358|0.01
2026-06-07 12:04:19.611|reserve|359|201|0|+40740196538|1|0.01|359|293.26
2026-06-07 12:04:19.762|commit|359|200|0|359|0.01
2026-06-07 12:04:19.935|reserve|360|201|0|+40740196538|1|0.01|360|293.25
2026-06-07 12:04:20.106|commit|360|200|0|360|0.01
2026-06-07 12:04:20.259|reserve|361|201|0|+40740196538|1|0.01|361|293.24
2026-06-07 12:04:20.434|commit|361|200|0|361|0.01
2026-06-07 12:04:20.61|reserve|362|201|0|+40740196538|1|0.01|362|293.23
2026-06-07 12:04:20.768|commit|362|200|0|362|0.01
2026-06-07 12:04:20.953|reserve|363|201|0|+40740196538|1|0.01|363|293.22
2026-06-07 12:04:21.12|commit|363|200|0|363|0.01
2026-06-07 12:04:21.278|reserve|364|201|0|+40740196538|1|0.01|364|293.21000000000004
2026-06-07 12:04:21.44|commit|364|200|0|364|0.01
2026-06-07 12:04:21.616|reserve|365|201|0|+40740196538|1|0.01|365|293.20000000000005
2026-06-07 12:04:21.774|commit|365|200|0|365|0.01
2026-06-07 12:04:21.951|reserve|366|201|0|+40740196538|1|0.01|366|293.19
2026-06-07 12:04:22.12|commit|366|200|0|366|0.01
2026-06-07 12:04:22.299|reserve|367|201|0|+40740196538|1|0.01|367|293.18
2026-06-07 12:04:22.464|commit|367|200|0|367|0.01
2026-06-07 12:04:22.628|reserve|368|201|0|+40740196538|1|0.01|368|293.17
2026-06-07 12:04:22.793|commit|368|200|0|368|0.01
2026-06-07 12:04:22.971|reserve|369|201|0|+40740196538|1|0.01|369|293.16
2026-06-07 12:04:23.134|commit|369|200|0|369|0.01
2026-06-07 12:04:23.367|reserve|370|201|0|+40740196538|1|0.01|370|293.15000000000003
2026-06-07 12:04:23.532|commit|370|200|0|370|0.01
2026-06-07 12:04:23.704|reserve|371|201|0|+40740196538|1|0.01|371|293.14000000000004
2026-06-07 12:04:23.863|commit|371|200|0|371|0.01
2026-06-07 12:04:24.043|reserve|372|201|0|+40740196538|1|0.01|372|293.13
2026-06-07 12:04:24.202|commit|372|200|0|372|0.01
2026-06-07 12:04:24.364|reserve|373|201|0|+40740196538|1|0.01|373|293.12
2026-06-07 12:04:24.524|commit|373|200|0|373|0.01
2026-06-07 12:04:24.695|reserve|374|201|0|+40740196538|1|0.01|374|293.11
2026-06-07 12:04:24.845|commit|374|200|0|374|0.01
2026-06-07 12:04:25.024|reserve|375|201|0|+40740196538|1|0.01|375|293.1
2026-06-07 12:04:25.188|commit|375|200|0|375|0.01
2026-06-07 12:04:25.365|reserve|376|201|0|+40740196538|1|0.01|376|293.09000000000003
2026-06-07 12:04:25.536|commit|376|200|0|376|0.01
2026-06-07 12:04:25.703|reserve|377|201|0|+40740196538|1|0.01|377|293.08000000000004
2026-06-07 12:04:25.873|commit|377|200|0|377|0.01
2026-06-07 12:04:26.031|reserve|378|201|0|+40740196538|1|0.01|378|293.07
2026-06-07 12:04:26.178|commit|378|200|0|378|0.01
2026-06-07 12:04:26.342|reserve|379|201|0|+40740196538|1|0.01|379|293.06
2026-06-07 12:04:26.506|commit|379|200|0|379|0.01
2026-06-07 12:04:26.683|reserve|380|201|0|+40740196538|1|0.01|380|293.05
2026-06-07 12:04:26.818|commit|380|200|0|380|0.01
2026-06-07 12:04:26.995|reserve|381|201|0|+40740196538|1|0.01|381|293.04
2026-06-07 12:04:27.159|commit|381|200|0|381|0.01
2026-06-07 12:14:19.032|reserve|382|201|0|+40740196538|1|0.01|382|293.03000000000003
2026-06-07 12:14:19.227|commit|382|200|0|382|0.01
2026-06-07 12:14:20.869|reserve|383|201|0|+40740196538|1|0.01|383|293.02000000000004
2026-06-07 12:14:21.029|commit|383|200|0|383|0.01
2026-06-07 12:14:22.119|reserve|384|201|0|+40740196538|1|0.01|384|293.01000000000005
2026-06-07 12:14:22.286|commit|384|200|0|384|0.01
2026-06-07 12:14:23.0|reserve|385|201|0|+40740196538|1|0.01|385|293.0
2026-06-07 12:14:23.162|commit|385|200|0|385|0.01
2026-06-07 12:14:24.765|reserve|386|201|0|+40740196538|1|0.01|386|292.99
2026-06-07 12:14:24.929|commit|386|200|0|386|0.01
2026-06-07 12:14:26.603|reserve|387|201|0|+40740196538|1|0.01|387|292.98
2026-06-07 12:14:26.763|commit|387|200|0|387|0.01
2026-06-07 12:14:27.931|reserve|388|201|0|+40740196538|1|0.01|388|292.97
2026-06-07 12:14:28.119|commit|388|200|0|388|0.01
2026-06-07 12:14:29.629|reserve|389|201|0|+40740196538|1|0.01|389|292.96000000000004
2026-06-07 12:14:29.799|commit|389|200|0|389|0.01
2026-06-07 12:14:31.392|reserve|390|201|0|+40740196538|1|0.01|390|292.95000000000005
2026-06-07 12:14:31.551|commit|390|200|0|390|0.01
2026-06-07 12:14:32.855|reserve|391|201|0|+40740196538|1|0.01|391|292.94
2026-06-07 12:14:33.041|commit|391|200|0|391|0.01
2026-06-07 12:14:33.976|reserve|392|201|0|+40740196538|1|0.01|392|292.93
2026-06-07 12:14:34.148|commit|392|200|0|392|0.01
2026-06-07 12:14:35.226|reserve|393|201|0|+40740196538|1|0.01|393|292.92
2026-06-07 12:14:35.415|commit|393|200|0|393|0.01
2026-06-07 12:14:36.368|reserve|394|201|0|+40740196538|1|0.01|394|292.91
2026-06-07 12:14:36.515|commit|394|200|0|394|0.01
2026-06-07 12:14:37.816|reserve|395|201|0|+40740196538|1|0.01|395|292.90000000000003
2026-06-07 12:14:37.969|commit|395|200|0|395|0.01
2026-06-07 12:14:39.307|reserve|396|201|0|+40740196538|1|0.01|396|292.89000000000004
2026-06-07 12:14:39.472|commit|396|200|0|396|0.01
2026-06-07 12:14:40.368|reserve|397|201|0|+40740196538|1|0.01|397|292.88
2026-06-07 12:14:40.532|commit|397|200|0|397|0.01
2026-06-07 12:14:41.997|reserve|398|201|0|+40740196538|1|0.01|398|292.87
2026-06-07 12:14:42.145|commit|398|200|0|398|0.01
2026-06-07 12:14:43.772|reserve|399|201|0|+40740196538|1|0.01|399|292.86
2026-06-07 12:14:43.926|commit|399|200|0|399|0.01
2026-06-07 12:14:44.861|reserve|400|201|0|+40740196538|1|0.01|400|292.85
2026-06-07 12:14:45.022|commit|400|200|0|400|0.01
2026-06-07 12:14:46.312|reserve|401|201|0|+40740196538|1|0.01|401|292.84000000000003
2026-06-07 12:14:46.482|commit|401|200|0|401|0.01
2026-06-07 12:14:47.372|reserve|402|201|0|+40740196538|1|0.01|402|292.83000000000004
2026-06-07 12:14:47.539|commit|402|200|0|402|0.01
2026-06-07 12:14:48.403|reserve|403|201|0|+40740196538|1|0.01|403|292.82000000000005
2026-06-07 12:14:48.575|commit|403|200|0|403|0.01
2026-06-07 12:14:49.61|reserve|404|201|0|+40740196538|1|0.01|404|292.81
2026-06-07 12:14:49.771|commit|404|200|0|404|0.01
2026-06-07 12:14:51.157|reserve|405|201|0|+40740196538|1|0.01|405|292.8
2026-06-07 12:14:51.346|commit|405|200|0|405|0.01
2026-06-07 12:14:52.456|reserve|406|201|0|+40740196538|1|0.01|406|292.79
2026-06-07 12:14:52.605|commit|406|200|0|406|0.01
2026-06-07 12:14:54.259|reserve|407|201|0|+40740196538|1|0.01|407|292.78000000000003
2026-06-07 12:14:54.44|commit|407|200|0|407|0.01
2026-06-07 12:14:55.092|reserve|408|201|0|+40740196538|1|0.01|408|292.77000000000004
2026-06-07 12:14:55.283|commit|408|200|0|408|0.01
2026-06-07 12:14:56.953|reserve|409|201|0|+40740196538|1|0.01|409|292.76000000000005
2026-06-07 12:14:57.117|commit|409|200|0|409|0.01
2026-06-07 12:14:58.469|reserve|410|201|0|+40740196538|1|0.01|410|292.75
2026-06-07 12:14:58.631|commit|410|200|0|410|0.01
2026-06-07 12:14:59.44|reserve|411|201|0|+40740196538|1|0.01|411|292.74
2026-06-07 12:14:59.605|commit|411|200|0|411|0.01
2026-06-07 12:15:00.927|reserve|412|201|0|+40740196538|1|0.01|412|292.73
2026-06-07 12:15:01.061|commit|412|200|0|412|0.01
2026-06-07 12:15:02.524|reserve|413|201|0|+40740196538|1|0.01|413|292.72
2026-06-07 12:15:02.788|commit|413|200|0|413|0.01
2026-06-07 12:15:04.092|reserve|414|201|0|+40740196538|1|0.01|414|292.71000000000004
2026-06-07 12:15:04.243|commit|414|200|0|414|0.01
2026-06-07 12:15:05.091|reserve|415|201|0|+40740196538|1|0.01|415|292.70000000000005
2026-06-07 12:15:05.272|commit|415|200|0|415|0.01
2026-06-07 12:15:06.547|reserve|416|201|0|+40740196538|1|0.01|416|292.69000000000005
2026-06-07 12:15:06.711|commit|416|200|0|416|0.01
2026-06-07 12:15:08.098|reserve|417|201|0|+40740196538|1|0.01|417|292.68
2026-06-07 12:15:08.277|commit|417|200|0|417|0.01
2026-06-07 12:15:09.278|reserve|418|201|0|+40740196538|1|0.01|418|292.67
2026-06-07 12:15:09.467|commit|418|200|0|418|0.01
2026-06-07 12:15:10.562|reserve|419|201|0|+40740196538|1|0.01|419|292.66
2026-06-07 12:15:10.717|commit|419|200|0|419|0.01
2026-06-07 12:15:11.859|reserve|420|201|0|+40740196538|1|0.01|420|292.65000000000003
2026-06-07 12:15:12.026|commit|420|200|0|420|0.01
2026-06-07 12:15:13.553|reserve|421|201|0|+40740196538|1|0.01|421|292.64000000000004
2026-06-07 12:15:13.72|commit|421|200|0|421|0.01
2026-06-07 12:15:15.323|reserve|422|201|0|+40740196538|1|0.01|422|292.63000000000005
2026-06-07 12:15:15.499|commit|422|200|0|422|0.01
2026-06-07 12:15:16.83|reserve|423|201|0|+40740196538|1|0.01|423|292.62
2026-06-07 12:15:16.976|commit|423|200|0|423|0.01
2026-06-07 12:15:18.371|reserve|424|201|0|+40740196538|1|0.01|424|292.61
2026-06-07 12:15:18.542|commit|424|200|0|424|0.01
2026-06-07 12:15:19.692|reserve|425|201|0|+40740196538|1|0.01|425|292.6
2026-06-07 12:15:19.853|commit|425|200|0|425|0.01
2026-06-07 12:15:21.188|reserve|426|201|0|+40740196538|1|0.01|426|292.59000000000003
2026-06-07 12:15:21.338|commit|426|200|0|426|0.01
2026-06-07 12:15:22.283|reserve|427|201|0|+40740196538|1|0.01|427|292.58000000000004
2026-06-07 12:15:22.467|commit|427|200|0|427|0.01
2026-06-07 13:06:48.522|reserve|428|201|0|+40740196538|1|1.0|428|291.58000000000004
2026-06-07 13:06:48.562|reserve|429|201|0|+40740196538|1|1.0|429|290.58000000000004
2026-06-07 13:06:48.658|reserve|430|201|0|+40740196538|1|1.0|430|289.58000000000004
2026-06-07 13:06:48.754|reserve|431|201|0|+40740196538|1|1.0|431|288.58000000000004
2026-06-07 13:06:48.863|reserve|432|201|0|+40740196538|1|1.0|432|287.58000000000004
2026-06-07 13:06:49.059|reserve|433|201|0|+40740196538|1|1.0|433|286.58000000000004
2026-06-07 13:06:49.123|reserve|434|201|0|+40740196538|1|1.0|434|285.58000000000004
2026-06-07 13:06:49.15|reserve|435|201|0|+40740196538|1|1.0|435|284.58000000000004
2026-06-07 13:06:49.244|reserve|436|201|0|+40740196538|1|1.0|436|283.58000000000004
2026-06-07 13:06:49.357|reserve|437|201|0|+40740196538|1|1.0|437|282.58000000000004
2026-06-07 13:14:46.393|reserve|438|201|0|+40740196538|1|1.0|438|281.58000000000004
2026-06-07 13:14:46.499|reserve|439|201|0|+40740196538|1|1.0|439|280.58000000000004
2026-06-07 13:14:46.589|reserve|440|201|0|+40740196538|1|1.0|440|279.58000000000004
2026-06-07 13:14:46.689|reserve|441|201|0|+40740196538|1|1.0|441|278.58000000000004
2026-06-07 13:14:46.788|reserve|442|201|0|+40740196538|1|1.0|442|277.58000000000004
2026-06-07 13:14:46.888|reserve|443|201|0|+40740196538|1|1.0|443|276.58000000000004
2026-06-07 13:14:46.988|reserve|444|201|0|+40740196538|1|1.0|444|275.58000000000004
2026-06-07 13:14:47.087|reserve|445|201|0|+40740196538|1|1.0|445|274.58000000000004
2026-06-07 13:14:47.188|reserve|446|201|0|+40740196538|1|1.0|446|273.58000000000004
2026-06-07 13:14:47.288|reserve|447|201|0|+40740196538|1|1.0|447|272.58000000000004
2026-06-07 13:15:09.696|reserve|448|201|0|+40740196538|1|1.0|448|271.58000000000004
2026-06-07 13:15:09.789|reserve|449|201|0|+40740196538|1|1.0|449|270.58000000000004
2026-06-07 13:15:09.889|reserve|450|201|0|+40740196538|1|1.0|450|269.58000000000004
2026-06-07 13:15:09.993|reserve|451|201|0|+40740196538|1|1.0|451|268.58000000000004
2026-06-07 13:15:10.113|reserve|452|201|0|+40740196538|1|1.0|452|267.58000000000004
2026-06-07 13:15:10.2|reserve|453|201|0|+40740196538|1|1.0|453|266.58000000000004
2026-06-07 13:15:10.295|reserve|454|201|0|+40740196538|1|1.0|454|265.58000000000004
2026-06-07 13:15:10.4|reserve|455|201|0|+40740196538|1|1.0|455|264.58000000000004
2026-06-07 13:15:10.488|reserve|456|201|0|+40740196538|1|1.0|456|263.58000000000004
2026-06-07 13:15:10.583|reserve|457|201|0|+40740196538|1|1.0|457|262.58000000000004
2026-06-07 13:18:24.969|reserve|458|201|0|+40740196538|1|1.0|458|261.58000000000004
2026-06-07 13:18:25.063|reserve|459|201|0|+40740196538|1|1.0|459|260.58000000000004
2026-06-07 13:18:25.153|reserve|460|201|0|+40740196538|1|1.0|460|259.58000000000004
2026-06-07 13:18:25.25|reserve|461|201|0|+40740196538|1|1.0|461|258.58000000000004
2026-06-07 13:18:25.356|reserve|462|201|0|+40740196538|1|1.0|462|257.58000000000004
2026-06-07 13:18:25.456|reserve|463|201|0|+40740196538|1|1.0|463|256.58000000000004
2026-06-07 13:18:25.559|reserve|464|201|0|+40740196538|1|1.0|464|255.58000000000004
2026-06-07 13:18:25.66|reserve|465|201|0|+40740196538|1|1.0|465|254.58000000000004
2026-06-07 13:18:25.757|reserve|466|201|0|+40740196538|1|1.0|466|253.58000000000004
2026-06-07 13:18:25.857|reserve|467|201|0|+40740196538|1|1.0|467|252.58000000000004
2026-06-07 13:36:15.377|updateSubscriberSubscriptionType|21|200|0|21|POSTPAID|PREPAID
2026-06-07 13:54:23.818|updateSubscriberSubscriptionType|21|200|0|21|PREPAID|POSTPAID
2026-06-07 13:56:05.443|updateSubscriberSubscriptionType|21|200|0|21|POSTPAID|POSTPAID
2026-06-07 13:56:05.794|updateSubscriberSubscriptionType|21|200|0|21|POSTPAID|PREPAID
2026-06-07 13:56:06.061|updateSubscriberSubscriptionType|21|200|0|21|PREPAID|POSTPAID
2026-06-07 13:56:06.341|updateSubscriberSubscriptionType|21|200|0|21|POSTPAID|PREPAID
2026-06-07 13:56:06.623|updateSubscriberSubscriptionType|21|200|0|21|PREPAID|POSTPAID
2026-06-07 13:56:06.899|updateSubscriberSubscriptionType|21|200|0|21|POSTPAID|PREPAID
2026-06-07 13:56:07.168|updateSubscriberSubscriptionType|21|200|0|21|PREPAID|POSTPAID
2026-06-07 13:56:07.432|updateSubscriberSubscriptionType|21|200|0|21|POSTPAID|PREPAID
2026-06-07 13:56:07.731|updateSubscriberSubscriptionType|21|200|0|21|PREPAID|POSTPAID
2026-06-07 13:56:07.987|updateSubscriberSubscriptionType|21|200|0|21|POSTPAID|PREPAID
2026-06-07 13:56:08.253|updateSubscriberSubscriptionType|21|200|0|21|PREPAID|POSTPAID
2026-06-07 13:56:08.513|updateSubscriberSubscriptionType|21|200|0|21|POSTPAID|PREPAID
2026-06-07 13:56:08.783|updateSubscriberSubscriptionType|21|200|0|21|PREPAID|POSTPAID
2026-06-07 13:56:09.045|updateSubscriberSubscriptionType|21|200|0|21|POSTPAID|PREPAID
2026-06-07 13:56:09.312|updateSubscriberSubscriptionType|21|200|0|21|PREPAID|POSTPAID
2026-06-07 13:56:09.57|updateSubscriberSubscriptionType|21|200|0|21|POSTPAID|PREPAID
2026-06-07 13:56:09.882|updateSubscriberSubscriptionType|21|200|0|21|PREPAID|POSTPAID
2026-06-07 13:56:10.14|updateSubscriberSubscriptionType|21|200|0|21|POSTPAID|PREPAID
2026-06-07 13:56:10.407|updateSubscriberSubscriptionType|21|200|0|21|PREPAID|POSTPAID
2026-06-07 13:56:10.67|updateSubscriberSubscriptionType|21|200|0|21|POSTPAID|PREPAID
2026-06-07 13:56:23.293|updateSubscriberSubscriptionType|21|200|0|21|PREPAID|POSTPAID
2026-06-07 13:56:23.588|updateSubscriberSubscriptionType|21|200|0|21|POSTPAID|PREPAID
2026-06-07 13:56:23.848|updateSubscriberSubscriptionType|21|200|0|21|PREPAID|POSTPAID
2026-06-07 13:56:24.122|updateSubscriberSubscriptionType|21|200|0|21|POSTPAID|PREPAID
2026-06-07 13:56:24.386|updateSubscriberSubscriptionType|21|200|0|21|PREPAID|POSTPAID
2026-06-07 13:56:24.649|updateSubscriberSubscriptionType|21|200|0|21|POSTPAID|PREPAID
2026-06-07 13:56:24.912|updateSubscriberSubscriptionType|21|200|0|21|PREPAID|POSTPAID
2026-06-07 13:56:25.179|updateSubscriberSubscriptionType|21|200|0|21|POSTPAID|PREPAID
2026-06-07 13:56:25.445|updateSubscriberSubscriptionType|21|200|0|21|PREPAID|POSTPAID
2026-06-07 13:56:25.71|updateSubscriberSubscriptionType|21|200|0|21|POSTPAID|PREPAID
2026-06-07 13:56:25.969|updateSubscriberSubscriptionType|21|200|0|21|PREPAID|POSTPAID
2026-06-07 13:56:26.247|updateSubscriberSubscriptionType|21|200|0|21|POSTPAID|PREPAID
2026-06-07 13:56:26.51|updateSubscriberSubscriptionType|21|200|0|21|PREPAID|POSTPAID
2026-06-07 13:56:26.795|updateSubscriberSubscriptionType|21|200|0|21|POSTPAID|PREPAID
2026-06-07 13:56:27.055|updateSubscriberSubscriptionType|21|200|0|21|PREPAID|POSTPAID
2026-06-07 13:56:27.322|updateSubscriberSubscriptionType|21|200|0|21|POSTPAID|PREPAID
2026-06-07 13:56:27.586|updateSubscriberSubscriptionType|21|200|0|21|PREPAID|POSTPAID
2026-06-07 13:56:27.841|updateSubscriberSubscriptionType|21|200|0|21|POSTPAID|PREPAID
2026-06-07 13:56:28.106|updateSubscriberSubscriptionType|21|200|0|21|PREPAID|POSTPAID
2026-06-07 13:56:28.374|updateSubscriberSubscriptionType|21|200|0|21|POSTPAID|PREPAID
2026-06-07 14:00:27.985|updateSubscriberSubscriptionType|21|200|0|21|PREPAID|PREPAID
2026-06-07 14:00:28.289|updateSubscriberSubscriptionType|21|200|0|21|PREPAID|POSTPAID
2026-06-07 14:00:28.548|updateSubscriberSubscriptionType|21|200|0|21|POSTPAID|PREPAID
2026-06-07 14:00:28.812|updateSubscriberSubscriptionType|21|200|0|21|PREPAID|POSTPAID
2026-06-07 14:00:29.081|updateSubscriberSubscriptionType|21|200|0|21|POSTPAID|PREPAID
2026-06-07 14:00:29.343|updateSubscriberSubscriptionType|21|200|0|21|PREPAID|POSTPAID
2026-06-07 14:00:29.602|updateSubscriberSubscriptionType|21|200|0|21|POSTPAID|PREPAID
2026-06-07 14:00:29.864|updateSubscriberSubscriptionType|21|200|0|21|PREPAID|POSTPAID
2026-06-07 14:00:30.127|updateSubscriberSubscriptionType|21|200|0|21|POSTPAID|PREPAID
2026-06-07 14:00:30.401|updateSubscriberSubscriptionType|21|200|0|21|PREPAID|POSTPAID
2026-06-07 14:00:30.657|updateSubscriberSubscriptionType|21|200|0|21|POSTPAID|PREPAID
2026-06-07 14:00:30.922|updateSubscriberSubscriptionType|21|200|0|21|PREPAID|POSTPAID
2026-06-07 14:00:31.18|updateSubscriberSubscriptionType|21|200|0|21|POSTPAID|PREPAID
2026-06-07 14:00:31.443|updateSubscriberSubscriptionType|21|200|0|21|PREPAID|POSTPAID
2026-06-07 14:00:31.709|updateSubscriberSubscriptionType|21|200|0|21|POSTPAID|PREPAID
2026-06-07 14:00:31.969|updateSubscriberSubscriptionType|21|200|0|21|PREPAID|POSTPAID
2026-06-07 14:00:32.235|updateSubscriberSubscriptionType|21|200|0|21|POSTPAID|PREPAID
2026-06-07 14:00:32.495|updateSubscriberSubscriptionType|21|200|0|21|PREPAID|POSTPAID
2026-06-07 14:00:32.761|updateSubscriberSubscriptionType|21|200|0|21|POSTPAID|PREPAID
2026-06-07 14:00:33.024|updateSubscriberSubscriptionType|21|200|0|21|PREPAID|POSTPAID
2026-06-07 14:05:22.261|updateSubscriberSubscriptionType|21|200|0|21|POSTPAID|PREPAID
2026-06-07 14:05:22.543|updateSubscriberSubscriptionType|21|200|0|21|PREPAID|POSTPAID
2026-06-07 14:05:22.862|updateSubscriberSubscriptionType|21|200|0|21|POSTPAID|PREPAID
2026-06-07 14:05:23.181|updateSubscriberSubscriptionType|21|200|0|21|PREPAID|POSTPAID
2026-06-07 14:05:23.429|updateSubscriberSubscriptionType|21|200|0|21|POSTPAID|PREPAID
2026-06-07 14:05:23.726|updateSubscriberSubscriptionType|21|200|0|21|PREPAID|POSTPAID
2026-06-07 14:05:24.038|updateSubscriberSubscriptionType|21|200|0|21|POSTPAID|PREPAID
2026-06-07 14:05:24.346|updateSubscriberSubscriptionType|21|200|0|21|PREPAID|POSTPAID
2026-06-07 14:05:24.639|updateSubscriberSubscriptionType|21|200|0|21|POSTPAID|PREPAID
2026-06-07 14:05:24.936|updateSubscriberSubscriptionType|21|200|0|21|PREPAID|POSTPAID
2026-06-07 14:05:25.171|updateSubscriberSubscriptionType|21|200|0|21|POSTPAID|PREPAID
2026-06-07 14:05:25.404|updateSubscriberSubscriptionType|21|200|0|21|PREPAID|POSTPAID
2026-06-07 14:05:25.702|updateSubscriberSubscriptionType|21|200|0|21|POSTPAID|PREPAID
2026-06-07 14:05:25.934|updateSubscriberSubscriptionType|21|200|0|21|PREPAID|POSTPAID
2026-06-07 14:05:26.168|updateSubscriberSubscriptionType|21|200|0|21|POSTPAID|PREPAID
2026-06-07 14:05:26.476|updateSubscriberSubscriptionType|21|200|0|21|PREPAID|POSTPAID
2026-06-07 14:05:26.714|updateSubscriberSubscriptionType|21|200|0|21|POSTPAID|PREPAID
2026-06-07 14:05:27.029|updateSubscriberSubscriptionType|21|200|0|21|PREPAID|POSTPAID
2026-06-07 14:05:27.337|updateSubscriberSubscriptionType|21|200|0|21|POSTPAID|PREPAID
2026-06-07 14:05:27.825|updateSubscriberSubscriptionType|21|200|0|21|PREPAID|POSTPAID
2026-06-07 14:05:28.058|updateSubscriberSubscriptionType|21|200|0|21|POSTPAID|PREPAID
2026-06-07 14:05:28.296|updateSubscriberSubscriptionType|21|200|0|21|PREPAID|POSTPAID
2026-06-07 14:05:28.599|updateSubscriberSubscriptionType|21|200|0|21|POSTPAID|PREPAID
2026-06-07 14:05:28.895|updateSubscriberSubscriptionType|21|200|0|21|PREPAID|POSTPAID
2026-06-07 14:05:29.193|updateSubscriberSubscriptionType|21|200|0|21|POSTPAID|PREPAID
2026-06-07 14:05:29.499|updateSubscriberSubscriptionType|21|200|0|21|PREPAID|POSTPAID
2026-06-07 14:05:29.796|updateSubscriberSubscriptionType|21|200|0|21|POSTPAID|PREPAID
2026-06-07 14:05:30.097|updateSubscriberSubscriptionType|21|200|0|21|PREPAID|POSTPAID
2026-06-07 14:05:30.392|updateSubscriberSubscriptionType|21|200|0|21|POSTPAID|PREPAID
2026-06-07 14:05:30.612|updateSubscriberSubscriptionType|21|200|0|21|PREPAID|POSTPAID
2026-06-07 14:05:30.905|updateSubscriberSubscriptionType|21|200|0|21|POSTPAID|PREPAID
2026-06-07 14:05:31.205|updateSubscriberSubscriptionType|21|200|0|21|PREPAID|POSTPAID
2026-06-07 14:05:31.497|updateSubscriberSubscriptionType|21|200|0|21|POSTPAID|PREPAID
2026-06-07 14:05:31.816|updateSubscriberSubscriptionType|21|200|0|21|PREPAID|POSTPAID
2026-06-07 14:05:32.111|updateSubscriberSubscriptionType|21|200|0|21|POSTPAID|PREPAID
2026-06-07 14:05:32.347|updateSubscriberSubscriptionType|21|200|0|21|PREPAID|POSTPAID
2026-06-07 14:05:32.643|updateSubscriberSubscriptionType|21|200|0|21|POSTPAID|PREPAID
2026-06-07 14:05:32.947|updateSubscriberSubscriptionType|21|200|0|21|PREPAID|POSTPAID
2026-06-07 14:05:33.243|updateSubscriberSubscriptionType|21|200|0|21|POSTPAID|PREPAID
2026-06-07 14:05:33.551|updateSubscriberSubscriptionType|21|200|0|21|PREPAID|POSTPAID
2026-06-07 14:05:33.817|updateSubscriberSubscriptionType|21|200|0|21|POSTPAID|PREPAID
2026-06-07 14:05:34.128|updateSubscriberSubscriptionType|21|200|0|21|PREPAID|POSTPAID
2026-06-07 14:05:34.427|updateSubscriberSubscriptionType|21|200|0|21|POSTPAID|PREPAID
2026-06-07 14:05:34.746|updateSubscriberSubscriptionType|21|200|0|21|PREPAID|POSTPAID
2026-06-07 14:05:35.103|updateSubscriberSubscriptionType|21|200|0|21|POSTPAID|PREPAID
2026-06-07 14:05:35.403|updateSubscriberSubscriptionType|21|200|0|21|PREPAID|POSTPAID
2026-06-07 14:05:35.703|updateSubscriberSubscriptionType|21|200|0|21|POSTPAID|PREPAID
2026-06-07 14:05:36.002|updateSubscriberSubscriptionType|21|200|0|21|PREPAID|POSTPAID
2026-06-07 14:05:36.228|updateSubscriberSubscriptionType|21|200|0|21|POSTPAID|PREPAID
2026-06-07 14:05:36.519|updateSubscriberSubscriptionType|21|200|0|21|PREPAID|POSTPAID
2026-06-07 14:05:36.85|updateSubscriberSubscriptionType|21|200|0|21|POSTPAID|PREPAID
2026-06-07 14:05:37.143|updateSubscriberSubscriptionType|21|200|0|21|PREPAID|POSTPAID
2026-06-07 14:05:37.376|updateSubscriberSubscriptionType|21|200|0|21|POSTPAID|PREPAID
2026-06-07 14:05:37.674|updateSubscriberSubscriptionType|21|200|0|21|PREPAID|POSTPAID
2026-06-07 14:05:37.974|updateSubscriberSubscriptionType|21|200|0|21|POSTPAID|PREPAID
2026-06-07 14:05:38.204|updateSubscriberSubscriptionType|21|200|0|21|PREPAID|POSTPAID
2026-06-07 14:05:38.5|updateSubscriberSubscriptionType|21|200|0|21|POSTPAID|PREPAID
2026-06-07 14:05:38.723|updateSubscriberSubscriptionType|21|200|0|21|PREPAID|POSTPAID
2026-06-07 14:05:38.978|updateSubscriberSubscriptionType|21|200|0|21|POSTPAID|PREPAID
2026-06-07 14:05:39.212|updateSubscriberSubscriptionType|21|200|0|21|PREPAID|POSTPAID
2026-06-07 14:05:39.516|updateSubscriberSubscriptionType|21|200|0|21|POSTPAID|PREPAID
2026-06-07 14:05:39.738|updateSubscriberSubscriptionType|21|200|0|21|PREPAID|POSTPAID
2026-06-07 14:05:40.004|updateSubscriberSubscriptionType|21|200|0|21|POSTPAID|PREPAID
2026-06-07 14:05:40.231|updateSubscriberSubscriptionType|21|200|0|21|PREPAID|POSTPAID
2026-06-07 14:05:40.464|updateSubscriberSubscriptionType|21|200|0|21|POSTPAID|PREPAID
2026-06-07 14:05:40.765|updateSubscriberSubscriptionType|21|200|0|21|PREPAID|POSTPAID
2026-06-07 14:05:41.018|updateSubscriberSubscriptionType|21|200|0|21|POSTPAID|PREPAID
2026-06-07 14:05:41.309|updateSubscriberSubscriptionType|21|200|0|21|PREPAID|POSTPAID
2026-06-07 14:05:41.542|updateSubscriberSubscriptionType|21|200|0|21|POSTPAID|PREPAID
2026-06-07 14:05:41.886|updateSubscriberSubscriptionType|21|200|0|21|PREPAID|POSTPAID
2026-06-07 14:05:42.188|updateSubscriberSubscriptionType|21|200|0|21|POSTPAID|PREPAID
2026-06-07 14:05:42.487|updateSubscriberSubscriptionType|21|200|0|21|PREPAID|POSTPAID
2026-06-07 14:05:42.789|updateSubscriberSubscriptionType|21|200|0|21|POSTPAID|PREPAID
2026-06-07 14:05:43.052|updateSubscriberSubscriptionType|21|200|0|21|PREPAID|POSTPAID
2026-06-07 14:05:43.276|updateSubscriberSubscriptionType|21|200|0|21|POSTPAID|PREPAID
2026-06-07 14:05:43.584|updateSubscriberSubscriptionType|21|200|0|21|PREPAID|POSTPAID
2026-06-07 14:05:43.928|updateSubscriberSubscriptionType|21|200|0|21|POSTPAID|PREPAID
2026-06-07 14:05:44.155|updateSubscriberSubscriptionType|21|200|0|21|PREPAID|POSTPAID
2026-06-07 14:05:44.47|updateSubscriberSubscriptionType|21|200|0|21|POSTPAID|PREPAID
2026-06-07 14:05:44.792|updateSubscriberSubscriptionType|21|200|0|21|PREPAID|POSTPAID
2026-06-07 14:05:45.046|updateSubscriberSubscriptionType|21|200|0|21|POSTPAID|PREPAID
2026-06-07 14:05:45.341|updateSubscriberSubscriptionType|21|200|0|21|PREPAID|POSTPAID
2026-06-07 14:05:45.609|updateSubscriberSubscriptionType|21|200|0|21|POSTPAID|PREPAID
2026-06-07 14:05:45.828|updateSubscriberSubscriptionType|21|200|0|21|PREPAID|POSTPAID
2026-06-07 14:05:46.153|updateSubscriberSubscriptionType|21|200|0|21|POSTPAID|PREPAID
2026-06-07 14:05:46.383|updateSubscriberSubscriptionType|21|200|0|21|PREPAID|POSTPAID
2026-06-07 14:05:46.642|updateSubscriberSubscriptionType|21|200|0|21|POSTPAID|PREPAID
2026-06-07 14:05:46.998|updateSubscriberSubscriptionType|21|200|0|21|PREPAID|POSTPAID
2026-06-07 14:05:47.297|updateSubscriberSubscriptionType|21|200|0|21|POSTPAID|PREPAID
2026-06-07 14:05:47.668|updateSubscriberSubscriptionType|21|200|0|21|PREPAID|POSTPAID
2026-06-07 14:05:48.007|updateSubscriberSubscriptionType|21|200|0|21|POSTPAID|PREPAID
2026-06-07 14:05:48.324|updateSubscriberSubscriptionType|21|200|0|21|PREPAID|POSTPAID
2026-06-07 14:05:48.598|updateSubscriberSubscriptionType|21|200|0|21|POSTPAID|PREPAID
2026-06-07 14:05:48.889|updateSubscriberSubscriptionType|21|200|0|21|PREPAID|POSTPAID
2026-06-07 14:05:49.113|updateSubscriberSubscriptionType|21|200|0|21|POSTPAID|PREPAID
2026-06-07 14:05:49.406|updateSubscriberSubscriptionType|21|200|0|21|PREPAID|POSTPAID
2026-06-07 14:05:49.636|updateSubscriberSubscriptionType|21|200|0|21|POSTPAID|PREPAID
2026-06-07 14:05:49.86|updateSubscriberSubscriptionType|21|200|0|21|PREPAID|POSTPAID
2026-06-07 14:05:50.129|updateSubscriberSubscriptionType|21|200|0|21|POSTPAID|PREPAID
2026-06-07 14:05:50.42|updateSubscriberSubscriptionType|21|200|0|21|PREPAID|POSTPAID
2026-06-07 14:44:05.517|getSubscriberAvailableBalance|+40744340284|200|0|+40744340284|1|219.64|300|80.36
2026-06-07 14:52:38.948|getSubscriberAvailableBalance|+40744340284|200|0|+40744340284|1|219.64|300|80.36
2026-06-07 14:58:00.644|getSubscriberAvailableBalance|+40744340284|200|0|+40744340284|1|219.64|300|80.36
2026-06-07 19:29:21.757|getSubscriberAvailableBalance|+40744340284|200|0|+40744340284|1|219.64|300|80.36
2026-06-07 19:29:44.504|getSubscriberAvailableBalance|+40744340284|200|0|+40744340284|1|219.64|300|80.36
2026-06-24 16:53:15.454|getSubscriberAvailableBalance|+40744340284|200|0|+40744340284|1|219.64|300|80.36
2026-06-24 16:53:18.046|reserve|470|201|0|+40744340284|21|2.99|470|216.65
2026-06-24 16:53:18.163|commit|470|200|0|470|2.99
2026-06-24 16:53:21.331|getSubscriberAvailableBalance|+40744340284|200|0|+40744340284|1|216.65|300|83.35
2026-06-24 16:53:24.814|getSubscriberAvailableBalance|+40744340284|200|0|+40744340284|1|216.65|300|83.35
2026-06-24 16:53:27.382|reserve|471|422|5|+40744340284|21|75.0|471|216.65
2026-06-24 16:53:54.152|reserve|472|201|0|+40744340284|21|3.5|472|213.15
2026-06-24 16:53:54.246|commit|472|200|0|472|3.5
2026-06-24 17:00:15.751|getSubscriberAvailableBalance|+40744340284|200|0|+40744340284|1|213.15|300|86.85
2026-06-24 17:00:17.426|reserve|473|422|5|+40744340284|21|60.0|473|213.15
2026-06-24 17:19:04.061|getSubscriberAvailableBalance|+40744340284|200|0|+40744340284|1|213.15|300|86.85
2026-06-24 17:19:58.445|getSubscriberAvailableBalance|+40744340284|200|0|+40744340284|1|213.15|300|86.85
2026-06-24 17:19:59.893|reserve|491|201|0|+40744340284|21|1.99|491|211.16000000000003
2026-06-24 17:20:00.0|commit|491|200|0|491|1.99
2026-06-24 17:20:03.214|getSubscriberAvailableBalance|+40744340284|200|0|+40744340284|1|211.16000000000003|300|88.83999999999999
2026-06-24 17:20:04.164|getSubscriberAvailableBalance|+40744340284|200|0|+40744340284|1|211.16000000000003|300|88.83999999999999
2026-06-24 17:23:12.207|getSubscriberAvailableBalance|+40744340284|200|0|+40744340284|1|211.16000000000003|300|88.83999999999999
2026-06-24 17:24:42.784|getSubscriberAvailableBalance|+40744340284|200|0|+40744340284|1|211.16000000000003|300|88.83999999999999
2026-06-24 17:31:11.892|getSubscriberAvailableBalance|+40744340284|200|0|+40744340284|1|211.16000000000003|300|88.83999999999999
2026-06-24 17:31:13.784|reserve|496|422|5|+40744340284|21|125.0|496|211.16000000000003
