2025-12-10 19:45:21.795|reserve|46|201|0|+40744340285||1.0|46|288.2
2025-12-10 19:45:32.086|commit|46|200|0|46|1.0
2025-12-10 19:45:32.292|reserve|47|201|0|+40744340285||1.0|47|287.2
2025-12-10 19:45:42.491|commit|47|200|0|47|1.0
2025-12-10 19:45:42.717|reserve|48|201|0|+40744340285||1.0|48|286.2
2025-12-10 19:45:52.897|commit|48|200|0|48|1.0
2025-12-10 19:45:53.106|reserve|49|201|0|+40744340285||1.0|49|285.2
2025-12-10 19:46:03.324|commit|49|200|0|49|1.0
2025-12-10 19:46:03.524|reserve|50|201|0|+40744340285||0.6000000000000001|50|284.6
2025-12-10 19:46:09.717|commit|50|200|0|50|0.6000000000000001
2025-12-10 19:47:20.868|getTransactionDetails|50|200|0|50|COMMITTED|+40744340285|0|0.6000000000000001
2025-12-10 19:48:18.65|getTransactionsForMsisdn|+40744340285|200|0|+40744340285
2025-12-14 13:07:37.07|updateSubscriberMsisdn|12|200|0|12|+40744340285|+40744340284
2025-12-14 13:10:29.865|updateCustomerName|21|200|0|21|Ion Popescu|Ionut Popescu
2026-01-07 21:13:02.067|getSubscriberAvailableBalance|40744340284|404|2|40744340284||||
2026-01-07 21:13:02.165|getSubscriberAvailableBalance|40744340284|404|2|40744340284||||
2026-01-07 21:13:04.625|getSubscriberAvailableBalance|40744340284|404|2|40744340284||||
2026-01-07 21:13:05.503|getSubscriberAvailableBalance|40744340284|404|2|40744340284||||
2026-01-07 21:13:11.694|getSubscriberAvailableBalance|40744340284|404|2|40744340284||||
2026-01-07 21:13:11.777|getSubscriberAvailableBalance|40744340284|404|2|40744340284||||
2026-01-07 21:13:31.361|getSubscriberAvailableBalance|40744340284|404|2|40744340284||||
2026-01-07 21:13:31.469|getSubscriberAvailableBalance|40744340284|404|2|40744340284||||
2026-01-07 21:16:46.09|getSubscriberAvailableBalance|+40744340284|200|0|+40744340284|1|298.0|300|2.0
2026-01-07 21:16:46.182|getSubscriberAvailableBalance|+40744340284|200|0|+40744340284|1|298.0|300|2.0
2026-01-07 21:16:50.409|reserve|21|201|0|+40744340284|21|3.99|21|294.01
2026-01-07 21:16:50.53|commit|21|200|0|21|3.99
2026-01-07 21:16:53.701|getSubscriberAvailableBalance|+40744340284|200|0|+40744340284|1|294.01|300|5.99
2026-01-07 21:17:27.779|getSubscriberAvailableBalance|+40744340284|200|0|+40744340284|1|294.01|300|5.99
2026-01-07 21:17:27.877|getSubscriberAvailableBalance|+40744340284|200|0|+40744340284|1|294.01|300|5.99
2026-01-07 21:17:30.585|reserve|22|422|5|+40744340284|21|89.99|22|294.01
2026-01-07 21:26:00.512|getSubscriberAvailableBalance|+40744340284|200|0|+40744340284|1|294.01|300|5.99
2026-01-07 21:26:00.591|getSubscriberAvailableBalance|+40744340284|200|0|+40744340284|1|294.01|300|5.99
2026-01-07 21:26:03.622|reserve|23|201|0|+40744340284|21|3.99|23|290.02
2026-01-07 21:26:03.714|commit|23|200|0|23|3.99
2026-01-07 21:26:06.829|getSubscriberAvailableBalance|+40744340284|200|0|+40744340284|1|290.02|300|9.98
2026-01-09 18:47:12.817|getSubscriberAvailableBalance|+40744340284|200|0|+40744340284|1|290.02|300|9.98
2026-01-09 18:47:15.002|reserve|41|201|0|+40744340284|21|3.99|41|286.03
2026-01-09 18:47:15.137|commit|41|200|0|41|3.99
2026-01-09 18:47:18.257|getSubscriberAvailableBalance|+40744340284|200|0|+40744340284|1|286.03|300|13.97
2026-01-09 18:51:28.825|getSubscriberAvailableBalance|+40744340284|200|0|+40744340284|1|286.03|300|13.97
2026-01-10 14:35:08.519|getSubscriberAvailableBalance|+40744340284|200|0|+40744340284|1|286.03|300|13.97
2026-01-10 16:09:27.225|getSubscriberAvailableBalance|+40744340284|200|0|+40744340284|1|286.03|300|13.97
2026-01-10 16:09:37.815|reserve|61|201|0|+40744340284|21|8.69|61|277.34
2026-01-10 16:09:37.931|commit|61|200|0|61|8.69
2026-01-10 16:09:41.041|getSubscriberAvailableBalance|+40744340284|200|0|+40744340284|1|277.34|300|22.66
2026-01-10 16:38:24.867|getSubscriberAvailableBalance|+40744340284|200|0|+40744340284|1|277.34|300|22.66
2026-01-10 16:48:39.353|getSubscriberAvailableBalance|+40744340284|200|0|+40744340284|1|277.34|300|22.66
2026-01-10 16:48:54.622|getSubscriberAvailableBalance|+40744340284|200|0|+40744340284|1|277.34|300|22.66
2026-01-10 17:06:13.23|getSubscriberAvailableBalance|+40744340284|200|0|+40744340284|1|277.34|300|22.66
2026-01-10 17:07:48.178|getSubscriberAvailableBalance|+40744340284|200|0|+40744340284|1|277.34|300|22.66
2026-01-10 17:32:23.773|getSubscriberAvailableBalance|+40744340284|200|0|+40744340284|1|277.34|300|22.66
2026-01-10 17:34:50.838|getSubscriberAvailableBalance|+40744340284|200|0|+40744340284|1|277.34|300|22.66
2026-01-10 17:34:52.527|getSubscriberAvailableBalance|+40744340284|200|0|+40744340284|1|277.34|300|22.66
2026-01-10 17:34:53.204|getSubscriberAvailableBalance|+40744340284|200|0|+40744340284|1|277.34|300|22.66
2026-01-10 17:35:19.625|getSubscriberAvailableBalance|+40744340284|200|0|+40744340284|1|277.34|300|22.66
2026-01-10 17:39:04.168|getSubscriberAvailableBalance|+40744340284|200|0|+40744340284|1|277.34|300|22.66
2026-01-10 17:39:13.094|getSubscriberAvailableBalance|+40744340284|200|0|+40744340284|1|277.34|300|22.66
2026-01-10 17:39:38.986|getSubscriberAvailableBalance|+40744340284|200|0|+40744340284|1|277.34|300|22.66
2026-01-10 17:41:14.437|getSubscriberAvailableBalance|+40744340284|200|0|+40744340284|1|277.34|300|22.66
2026-01-10 17:41:26.309|getSubscriberAvailableBalance|+40744340284|200|0|+40744340284|1|277.34|300|22.66
2026-01-11 17:03:22.868|getSubscriberAvailableBalance|+40744340284|200|0|+40744340284|1|277.34|300|22.66
2026-01-11 17:06:05.763|getSubscriberAvailableBalance|+40744340284|200|0|+40744340284|1|277.34|300|22.66
2026-01-11 18:12:21.547|getSubscriberAvailableBalance|+40744340284|200|0|+40744340284|1|277.34|300|22.66
2026-01-11 18:12:27.526|getSubscriberAvailableBalance|+40744340284|200|0|+40744340284|1|277.34|300|22.66
2026-01-11 18:15:35.958|getSubscriberAvailableBalance|+40744340284|200|0|+40744340284|1|277.34|300|22.66
2026-01-12 18:56:58.461|createCustomer|21|201|0|21|Ion Popescu|Individual|10|froggychair123@gmail.com|+40740196538|Iuliu Maniu 1
2026-01-12 18:59:25.34|createSubscriber|+40740196538|500|100||+40740196538|ACTIVE|POSTPAID|21
2026-01-12 18:59:34.727|createSubscriber|+40740196538|500|100||+40740196538|ACTIVE|POSTPAID|21
2026-01-12 19:00:08.295|createSubscriber|21|201|0|21|+40740196538|ACTIVE|POSTPAID|21
2026-01-12 19:01:52.901|getSubscriberAvailableBalance|+40740196538|200|0|+40740196538|21|300.0|300|0.0
2026-01-12 19:01:55.139|reserve|81|201|0|+40740196538|21|2.99|81|297.01
2026-01-12 19:01:55.251|commit|81|200|0|81|2.99
2026-01-12 19:01:58.368|getSubscriberAvailableBalance|+40740196538|200|0|+40740196538|21|297.01|300|2.99
2026-01-20 13:02:10.029|createCustomer|41|201|0|41|Vasile Bahoi|Individual|1|ultrainstinctperry@gmail.com|+40744340285|Sperantei 67
2026-01-20 14:07:29.666|getSubscriberAvailableBalance|+40744340284|200|0|+40744340284|1|277.34|300|22.66
2026-01-20 14:31:18.168|createSubscriber|41|201|0|41|+40744340285|ACTIVE|PREPAID|41
